✔ S10 walkable graph uses surface footways, excludes obstacles, and supports chained destinations (4.3639ms)
✔ S10 scramble has all four mapped main crossings plus diagonal in both directions (0.692581ms)
✔ S10 HIGH MEDIUM LOW density, archetypes, idle, milling and family groups (111.517501ms)
✔ S10 fixed pools and geometry identities survive profile changes and dispose twice (312.293533ms)
✔ S10 fail-closed signals, GREEN wait and late-phase admission suppression (133.191293ms)
✔ S10 crossing completes after nominal phase while cars wait then resume after clearance (155.879689ms)
✔ S10 waiting queues pack without spawning in lanes or overlap and unknown signals deny entry (127.095369ms)
✔ S10 LOD throttles far actors and debug is opt-in (141.968167ms)
✔ S10 retains S2–S9 and excludes S14+ and gameplay (0.675706ms)
✔ S10 exit reservation is a capacity constraint, distinct from an actual body overlap (129.467374ms)
✔ S12 one TimeState controls sky exposure sun/moon ambient and restores DAY (2.451375ms)
✔ S12 existing signage and vehicle lamp materials respond without adding meshes (1.804132ms)
✔ S12 windows use deterministic partial occupancy and toggle only a shared uniform (0.381754ms)
✔ S12 late module loads inherit NIGHT; removal and environment toggles restore owned state (0.39225ms)
✔ S12 train window and end lamps preserve clipping geometry counts and movement (54.678972ms)
✔ S12 profiles retain crowd train and traffic source ownership; no S14 postprocess or GTA (1.241737ms)
✔ S14 valid quality and bounded DPR retain a MEDIUM default at high device DPR (1.997102ms)
✔ S14 frame gate skips rendering and update work while preserving elapsed simulation time (0.482696ms)
✔ S14 build queue yields one job at a time and cancels pending work on disposal (0.402726ms)
✔ S14 deferred quality changes coalesce rapid input before rebuilding decorative modules (0.375194ms)
✔ S14 scheduled module cannot resurrect after disable or disposal (0.406832ms)
✔ S14 baked wet data matches source and day/night/postprocess switches preserve pooled objects (27.97556ms)
✔ S14 existing dynamic profile counts and far throttling retained; no later effects/gameplay (0.980684ms)
✔ S16.1 allocated approaches retain diverse safe cells and populated districts (12.072108ms)
✔ S16.1 continuous first floor glazing remains bounded to selected road frontages (1271.170477ms)
✔ S16.1 local night pool has a bounded footprint and reversible uniform (0.495425ms)
✔ S16 waiting strips offer finite safe cells with width and depth rather than one target (1.992626ms)
✔ S16 four crossing groups plus diagonal keep both directions and distributed safe exits (0.475995ms)
✔ S16 seeded red-phase crowd waits without body collapse or road invasion (275.568315ms)
✔ S16 selected commercial windows span floors 1–4 using existing instance/material pools (1.606845ms)
✔ S16 storefront emission is local and seeded, DAY restores the shared materials (2.630424ms)
✔ S16 CAM03 keeps human eye height and S14 caps; no later systems or copied character feature (1.161736ms)
ℹ tests 32
ℹ suites 0
ℹ pass 32
ℹ fail 0
ℹ cancelled 0
ℹ skipped 0
ℹ todo 0
ℹ duration_ms 97898.117128
