✔ S10 walkable graph uses surface footways, excludes obstacles, and supports chained destinations (7.380035ms)
✔ S10 scramble has all four mapped main crossings plus diagonal in both directions (1.117174ms)
✔ S10 HIGH MEDIUM LOW density, archetypes, idle, milling and family groups (241.629022ms)
✔ S10 fixed pools and geometry identities survive profile changes and dispose twice (674.906692ms)
✔ S10 fail-closed signals, GREEN wait and late-phase admission suppression (289.567762ms)
✔ S10 crossing completes after nominal phase while cars wait then resume after clearance (336.593499ms)
✔ S10 waiting queues pack without spawning in lanes or overlap and unknown signals deny entry (296.635234ms)
✔ S10 LOD throttles far actors and debug is opt-in (304.612091ms)
✔ S10 retains S2–S9 and excludes S14+ and gameplay (1.100808ms)
✔ S10 exit reservation is a capacity constraint, distinct from an actual body overlap (296.958913ms)
✔ S12 one TimeState controls sky exposure sun/moon ambient and restores DAY (10.765202ms)
✔ S12 existing signage and vehicle lamp materials respond without adding meshes (4.843725ms)
✔ S12 windows use deterministic partial occupancy and toggle only a shared uniform (1.270956ms)
✔ S12 late module loads inherit NIGHT; removal and environment toggles restore owned state (1.344499ms)
✔ S12 train window and end lamps preserve clipping geometry counts and movement (177.3989ms)
✔ S12 profiles retain crowd train and traffic source ownership; no S14 postprocess or GTA (2.69187ms)
✔ S13 selected wet geometry follows flat mapped surfaces, avoids markings/buildings and has no overlapping pools (15314.446245ms)
✔ S13 tier changes reuse two geometry batches; DAY and environment OFF disable effects (1.772706ms)
✔ S13 wet asphalt and vehicle emission restore exact S12 DAY values without mesh changes (4.57212ms)
✔ S13 Hero/commercial signs vary via vertex attribute; existing window/train shader hooks remain composable (2.479393ms)
✔ S13 bloom has bounded extra passes, reduced MED target, LOW/DAY bypass and restored render state/stats (2.598808ms)
✔ S13 disposal restores baseline and releases pooled resources exactly once (1.109019ms)
✔ S14 valid quality and bounded DPR retain a MEDIUM default at high device DPR (4.182481ms)
✔ S14 frame gate skips rendering and update work while preserving elapsed simulation time (0.597541ms)
✔ S14 build queue yields one job at a time and cancels pending work on disposal (0.601322ms)
✔ S14 deferred quality changes coalesce rapid input before rebuilding decorative modules (0.580878ms)
✔ S14 scheduled module cannot resurrect after disable or disposal (0.88592ms)
✔ S14 baked wet data matches source and day/night/postprocess switches preserve pooled objects (93.741298ms)
✔ S14 existing dynamic profile counts and far throttling retained; no later effects/gameplay (1.5415ms)
✔ S16.3 GTAO uses bounded samples, denoise and per-draw emitter exclusion without a mask scene pass (31.991351ms)
✔ S16.3 high shadows and four non-shadow local lights follow DAY NIGHT and tier transitions (5.745517ms)
✔ S16.3 rounded instanced crowd shares eight geometry pools and three response materials (27.211778ms)
✔ S16.3 PBR wall glass shop and trim remain shared and differentiated (3673.00841ms)
✔ S16.3 halos are limited to existing Hero screens and stay out of AO (2.183219ms)
✔ S16.3 filtering is capped by renderer and removed roots restore shadow ownership (2.382474ms)
✔ S16 waiting strips offer finite safe cells with width and depth rather than one target (4.40628ms)
✔ S16 four crossing groups plus diagonal keep both directions and distributed safe exits (1.487744ms)
✔ S16 seeded red-phase crowd waits without body collapse or road invasion (678.722706ms)
✔ S16 selected commercial windows span floors 1–4 using existing instance/material pools (2.887827ms)
✔ S16 storefront emission is local and seeded, DAY restores the shared materials (4.373232ms)
✔ S16 CAM03 keeps human eye height and S14 caps; no later systems or copied character feature (2.540676ms)
ℹ tests 41
ℹ suites 0
ℹ pass 41
ℹ fail 0
ℹ cancelled 0
ℹ skipped 0
ℹ todo 0
ℹ duration_ms 226898.409341
