✔ renders development preview metadata (285.240912ms)
✔ query defaults and invalid options (2.579206ms)
✔ only intersect skip and empty only (2.003897ms)
✔ module toggle builds once and disposes across rebuilds (0.618411ms)
✔ failed builder is isolated (0.708317ms)
✔ update error isolates module (0.700412ms)
✔ time state round trip and unsubscribe (0.587912ms)
✔ fixed cameras unique finite and distinct targets (0.671239ms)
✔ tier resolution monotonically decreases (0.274416ms)
✔ real snapshot categories IDs and bounds (73.876564ms)
✔ hero IDs resolved and cardinal geography consistent (0.353168ms)
✔ all 666 polygons triangulate with matching area and finite extrusion (119.215822ms)
✔ lines retain metadata and clipped extent (4.157512ms)
✔ join reversed relation ways and preserve hole (2.658129ms)
✔ incomplete way reported rather than invented (0.881646ms)
✔ metric tags unknown and feet (0.489238ms)
✔ loader HTTP/schema failure and abort forwarding (6.252666ms)
✔ reject malformed coordinates and duplicate ID (136.987306ms)
✔ debug contains four LineSegments only and disposes (14.265662ms)
✔ station/entrance tags exclude similarly named bus stop (0.704363ms)
✔ coordinate origin, east/north signs and round trip (5.545245ms)
✔ polyline 3-4-5 length and sampling (0.94349ms)
✔ duplicate and degenerate lines (0.596676ms)
✔ resampling exact spacing and endpoint (0.903133ms)
✔ offset left/right and bounded sharp corner (1.08344ms)
✔ offset right angle intersection (0.45735ms)
✔ extend endpoints (0.529167ms)
✔ clipping and disconnected reentry (0.911947ms)
✔ polygon boundary and holes (1.260878ms)
✔ triangulation concavity and holes preserve analytical area (3.560968ms)
✔ polygon faces point upward (2.991917ms)
✔ extrusion positive Y height and correct XZ footprint (15.79033ms)
✔ ribbon width and upward normals (0.858471ms)
✔ merge mixed indexes preserves count and source (3.847381ms)
✔ transform keeps source unchanged (0.779069ms)
✔ seeded RNG repeatability and bounds (2.256206ms)
✔ InstancedBuilder transforms, capacity and ownership (4.371253ms)
✔ spatial index matches brute force for negative cells (9.253414ms)
✔ S2 explicit width overrides lanes and class including units (2.144413ms)
✔ S2 lanes fallback and invalid width (0.712906ms)
✔ S2 highway defaults and links (0.253428ms)
✔ S2 safe buffers duplicate zero short acute and self crossing (5.112626ms)
✔ S2 road union merges overlap with expected area (0.902594ms)
✔ S2 sidewalk difference is nonempty and disjoint (60.147852ms)
✔ S2 layer bridge and tunnel excluded from surface (0.874246ms)
✔ S2 unmarked informal and prohibited crossings excluded (0.363822ms)
✔ S2 real road network covers scramble with stable S1 references (1.307989ms)
✔ S2 curbs and ramps generated and ramp height continuous (5.217944ms)
✔ S2 zebra pitch thickness and transverse width (2.050123ms)
✔ S2 every zebra clipped inside road union (11393.222138ms)
✔ S2 four main crossings dedicated diagonal and normal crossings (0.489639ms)
✔ S2 stop lines lane guides arrows and tactile generated (332.936511ms)
✔ S2 merged geometry finite valid indices nondegenerate bounded (255.530737ms)
✔ S2 procedural textures deterministic (14.372176ms)
✔ S2 module toggle lifecycle removes ground and later stages remain stubs (1.436056ms)
✔ S3 footprint validation preserves concavity holes and duplicate tolerance (3.872862ms)
✔ S3 malformed zero area and self crossing footprints safely rejected (0.834903ms)
✔ S3 holes must be inside and nonintersecting (0.675674ms)
✔ S3 explicit metric height priority over levels (0.450873ms)
✔ S3 levels fallback and nonpositive heights (0.537305ms)
✔ S3 unknown heights stable within budget and abnormal values clamped (3.094999ms)
✔ S3 all hero and station sources reserved before height resolution (2.435368ms)
✔ S3 generic geometry cannot cover reserved hero footprints (136.000483ms)
✔ S3 all seven archetype rules grounded in feature inputs (0.581553ms)
✔ S3 archetypes and heights deterministic and all types occur in real data (2136.008151ms)
✔ S3 all source records accounted and target clip bounded (1.712464ms)
✔ S3 merged walls and roof finite indexed safely without degenerate triangles (0.282527ms)
✔ S3 windows shared geometry instanced shadowless with color variation (1.047949ms)
✔ S3 window anchors offset outward and do not exceed source edge (19.771778ms)
✔ S3 rooftop containment checks entire prop not only its center (11.25827ms)
✔ S3 balcony and rooftop details use shared instanced batches (0.689166ms)
✔ S3 material and draw budgets independent of hundreds of buildings (0.395375ms)
✔ S3 transformed instance vertices finite and world bounds reasonable (85.95469ms)
✔ S3 Ground compatible unchanged counts with crossing/road audit (27912.621935ms)
✔ S3 Buildings lifecycle toggles actual geometry and no later builds (5783.226214ms)
✔ S3 stale async load cannot resurrect disabled Buildings (25.165365ms)
✔ S3 disposal releases owned geometry and shared instance prototypes once (1.118501ms)
✔ S4 audits every S3 reserved ID into nine targets and five untouched station sources (1942.504329ms)
✔ S4 unknown explicit reservation stays untouched (96.088303ms)
✔ S4 every required dedicated builder exists and generates its mapped source (0.928557ms)
✔ S4 QFRONT and 109 base footprints equal clipped OSM sources (3.934004ms)
✔ S4 all upper masses constrained to source footprint and valid heights (31.42732ms)
✔ S4 generic and hero IDs never double generate; S3 accepted counts preserved (2600.568557ms)
✔ S4 all station reservations stay unbuilt including central paid area (0.906264ms)
✔ S4 QFRONT primary facade faces scramble and segmented large screen follows actual edges (0.285265ms)
✔ S4 screen anchors offset from facade to avoid coplanar wall overlap (0.368497ms)
✔ S4 109 has rounded 24-segment constrained tower and separate crown (0.415392ms)
✔ S4 tower podium and setbacks differ between Scramble Square and Stream (0.579436ms)
✔ S4 Seibu A and B remain separate and Mark City is an oriented compound pair (0.5592ms)
✔ S4 shared material batches and window/detail instancing bounded (0.427702ms)
✔ S4 geometry finite and degenerate/index checks clean (0.162379ms)
✔ S4 all transformed instance vertices finite and within bounded world extent (19.087172ms)
✔ S4 anchor metadata has reversible local-world coordinates and no active emissive system (0.80883ms)
✔ S4 output deterministic and source coordinates unchanged (282.158865ms)
✔ S4 Ground integration has zero major road/crossing intrusion and S2 counts unchanged (18643.000025ms)
✔ S4 Hero module toggle uses existing lifecycle without building later modules (305.760768ms)
✔ S4 disposal releases shared resources exactly once (0.720962ms)
✔ S5 rail audit classifies all 96 without unrelated underground/Keio guesses (3.125928ms)
✔ S5 invalid and zero-length lines are reason-coded and safe (0.650919ms)
✔ S5 four JR tracks stitched, eight source-backed alignments clipped to target (3.024224ms)
✔ S5 duplicate/reversed segments deduplicated, gap is never bridged (0.644991ms)
✔ S5 JR deck width follows all four tracks with elevated continuous girders/parapets (1.038014ms)
✔ S5 piers/supports block no Ground road, crossing stripe or existing building (4528.287124ms)
✔ S5 Ginza supports do not pass through JR track clearances or pedestrian decks (1.250316ms)
✔ S5 rails retain configured gauges and vertical sleeper/slab separation (1.379782ms)
✔ S5 sleepers use distance spacing/tangent with no mesh-per-sleeper (45.93195ms)
✔ S5 three platform islands have actual track clearance and roof/posts (4.739017ms)
✔ S5 tactile/white edges are shared geometry channels (0.465346ms)
✔ S5 Hachiko uses dedicated reserved footprint, landmark and real open entrance (0.963116ms)
✔ S5 Ginza has independent deck/platform and M canopy with basic portal/ribs/glass (1.395199ms)
✔ S5 pedestrian deck mapping, stairs, handrails and all endpoint dispositions recorded (1.081721ms)
✔ S5 two reservations used, three untouched; no Generic/Hero ownership changes (100.894856ms)
✔ S5 all static and transformed instance geometry is finite and bounded (17.350436ms)
✔ S5 material/triangle bounds, no texture/active lights/later detail systems (2.109665ms)
✔ S5 deterministic generation and no mutation of earlier stages (13716.032238ms)
✔ S5 station toggle supports dispose/rebuild through existing lifecycle (23.758279ms)
✔ S5 disposal is idempotent and empties its owned scene (0.481871ms)
✔ S6 S5 baseline major0 minor11 remains unchanged (150.059391ms)
✔ S6 platforms have benches, vending, boards, lights and cabinets (0.6167ms)
✔ S6 passenger fixture footprints remain inside platforms and off tactile (83.13641ms)
✔ S6 Canvas draws 16 original station tiles using one texture (2.74679ms)
✔ S6 all sign/vending/menu faces reference one shared atlas with bounded UV (1.253102ms)
✔ S6 catenary follows S5 JR alignment and bounded source station spacing (3.087428ms)
✔ S6 wires/droppers finite and no giant segment or ground drop (3.521008ms)
✔ S6 wires have no platform/Ginza roof or existing building intersections (7.324275ms)
✔ S6 rail signals face incoming mapped travel direction (0.631643ms)
✔ S6 Ginza retains third-rail distinction and receives metro/roof/glass details (1.069023ms)
✔ S6 selected girder stiffeners, cable tray, guard stripes are batched (0.915876ms)
✔ S6 station rotary/plaza has bus/taxi shelters, mapped koban and info (307.224691ms)
✔ S6 complete placed-fixture audit preserves major0 and separates new sidewalk minor (2657.584537ms)
✔ S6 eight source-bounded storefronts with four original archetypes (277.010734ms)
✔ S6 shop details reuse lantern geometry and atlas; no point lights (0.935983ms)
✔ S6 all geometry and transformed vertices finite and bounded (14.462125ms)
✔ S6 high/low densities adjust repeated detail without changing core (16422.980005ms)
✔ S6 deterministic output and seeded storefront variation (9511.307921ms)
✔ S6 module dispose/reload isolated; fixed camera and S7 stubs unchanged (13.184131ms)
✔ S6 no gameplay, dynamic traffic/trains, citywide transitions or texture proliferation (1.374271ms)
✔ S6 dispose releases all resources once (0.297824ms)
✔ S7 preserves S0-S6 inputs, generic378, hero9 and station baseline (291.238108ms)
✔ S7 Canvas paints original tiles and separate high-resolution screen (5.509249ms)
✔ S7 packed UV entries have padding and no tile overlap at all tiers (1.575628ms)
✔ S7 GPU maxTextureSize caps dimensions and invalid capability fails clearly (1.165563ms)
✔ S7 hundreds of commercial signs include all eight categories (1.485251ms)
✔ S7 region logic separates Center-gai, frontage, station and edge (0.83047ms)
✔ S7 quality reduces sign counts and atlas, preserves major Hero screens (1.013289ms)
✔ S7 deterministic generation stable per source key (18373.187031ms)
✔ S7 QFRONT reuses segmented screen with continuous atlas coverage (1.001503ms)
✔ S7 dedicated Hero treatment includes 109 crown and restrained towers (1.40825ms)
✔ S7 complete independent acceptance rerun yields no major penetration or duplicate (23603.213831ms)
✔ S7 audit catches wrong normals, displaced faces, floating signs and duplicates (55.729797ms)
✔ S7 texture/material/batch counts do not scale with signage count (0.467906ms)
✔ S7 face UV and transformed instance vertices are finite and bounded (14.566591ms)
✔ S7 debug adds one batch for anchors normals bounds rejects and region colors (26.091448ms)
✔ S7 signs lifecycle supports cancel and reload with no resource resurrection (59.817101ms)
✔ S7 emissive metadata has no global night callbacks or later-system hooks (2.21275ms)
✔ S7 dispose releases atlas exactly once and empties scene (0.559585ms)
✔ S8 HIGH generates light (1.860601ms)
✔ S8 HIGH generates signal (0.181766ms)
✔ S8 HIGH generates rail (0.116841ms)
✔ S8 HIGH generates bollard (0.201004ms)
✔ S8 HIGH generates pole (0.285833ms)
✔ S8 HIGH generates vending (0.11007ms)
✔ S8 HIGH generates box (0.122428ms)
✔ S8 HIGH generates tree (0.09416ms)
✔ S8 HIGH generates planter (0.356762ms)
✔ S8 HIGH generates bench (0.232452ms)
✔ S8 HIGH generates information (0.114348ms)
✔ S8 HIGH generates bin (0.315389ms)
✔ S8 density scales by profile and peripheral region (0.470494ms)
✔ S8 all tiers have zero audited major/minor placement interference (1.360482ms)
✔ S8 station scope remains exclusively owned by S6 (0.716232ms)
✔ S8 deterministic anchors and category identities survive tier reduction (2.542991ms)
✔ S8 signals retain mapped source, direction and inert state hook (0.4618ms)
✔ S8 OSM trees have bounded adjustment and procedural supplement (0.416238ms)
✔ S8 audit rejects floating and duplicate fixtures (18972.866997ms)
✔ S8 audit rejects invalid transforms and reversed signal heads (88.267674ms)
✔ S8 wires have finite sagged pole endpoints and bounded segments (461.970033ms)
✔ S8 meshes use bounded shared batches and no runtime lights (0.590668ms)
✔ S8 rendered components fit audited envelopes (3.298027ms)
✔ S8 atlas uses original shared canvas content and padded UVs (1.202969ms)
✔ S8 debug is optional and shows anchors / categories / clearances (12.768399ms)
✔ S8 preserves earlier runtime systems and introduces no later builders (0.824455ms)
✔ S8 records reproducible tier statistics and placement evidence (16.516046ms)
✔ S9 OSM graph preserves direction, road metadata and left lanes (2.741165ms)
✔ S9 chained routes exclude immediate U-turn and have continuous endpoints (3.212776ms)
✔ S9 all seven procedural vehicle types and bus eligibility (8.836078ms)
✔ S9 parked vehicles avoid major roads and crossing entrances (0.506795ms)
✔ S9 profiles scale pooled states without renderer geometry allocation (261.905465ms)
✔ S9 seeded spawn is reproducible and has no initial overlaps (224.957186ms)
✔ S9 signal and future pedestrian APIs fail closed and reserve scramble phase (0.470902ms)
✔ S9 YELLOW/RED stop front bumper before line and GREEN resumes (230.037809ms)
✔ S9 future-path following stops behind stationary leader (319.282105ms)
✔ S9 dynamic instancing remains bounded and light surfaces add no lights (675.136266ms)
✔ S9 three-minute HIGH simulation has no road departure, collision or red entry (16366.403075ms)
✔ S9 preserves previous systems and keeps S11+ absent (1.075497ms)
✔ S9 blocked junction reserves exit space before entering (294.096417ms)
✔ S9 TTL and explicit despawn release pooled state and reservations (277.940523ms)
✔ S9 baseline assets remain intact (0.260734ms)
✔ emits the catalog's animation and scrolling utilities (59.722673ms)
✔ forwards progress semantics to the primitive (1363.100392ms)
✔ emits chart themes for the starter's media dark mode (968.455394ms)
✔ renders sidebar skeletons deterministically (944.108475ms)
ℹ tests 202
ℹ suites 0
ℹ pass 202
ℹ fail 0
ℹ cancelled 0
ℹ skipped 0
ℹ todo 0
ℹ duration_ms 446004.068
