{
  "platformFixtures": 44,
  "signs": 27,
  "vending": 5,
  "benches": 10,
  "catenarySupports": 49,
  "wires": 504,
  "droppers": 172,
  "railSignals": 8,
  "rotaryProps": 14,
  "shelters": 2,
  "koban": 1,
  "info": 1,
  "storefronts": 8,
  "archetypes": {
    "izakaya": 2,
    "ramen": 2,
    "convenience": 2,
    "shutter": 2
  },
  "lanterns": 6,
  "noren": 18,
  "menus": 8,
  "baselineMajor": 0,
  "baselineMinor": 11,
  "newMajor": 0,
  "newMinor": 3,
  "skippedCandidates": 96,
  "skippedReasons": {
    "tactile": 1,
    "core:platform-tactile": 1,
    "core:ginza-parapet": 1,
    "target-boundary": 16,
    "core:track-slab": 3,
    "shelter-sidewalk-clearance": 27,
    "road": 34,
    "pedestrian-flow": 18,
    "stairs": 1,
    "core:pedestrian-step": 1,
    "crosswalk": 4,
    "structural-pier": 4
  },
  "modelBuildTimeMs": 3813,
  "tier": "medium",
  "triangles": 16540,
  "materials": 9,
  "batches": 12,
  "instancedBatches": 11,
  "mergedBatches": 1,
  "instances": 1335,
  "atlasTextures": 1,
  "atlasTiles": 16,
  "atlasMode": "cpu-placeholder",
  "pointLights": 0,
  "debugBatches": 0,
  "bounds": {
    "min": [
      -31.784874776378274,
      0,
      -250.0022655762732
    ],
    "max": [
      235.36889941524714,
      21.247499542310834,
      250.0210157688707
    ]
  },
  "buildTimeMs": 3829,
  "audit": {
    "baselineMajor": 0,
    "baselineMinor": 11,
    "newMajor": 0,
    "newMinor": 3,
    "findings": [
      {
        "fixture": "planter:123",
        "kind": "sidewalk",
        "classification": "minor",
        "area": 1.3964860422288439,
        "point": [
          20,
          142
        ]
      },
      {
        "fixture": "plaza-bench:124",
        "kind": "sidewalk",
        "classification": "minor",
        "area": 1.5199999999999818,
        "point": [
          -23,
          52
        ]
      },
      {
        "fixture": "map-board:125",
        "kind": "sidewalk",
        "classification": "minor",
        "area": 0.3025000000000091,
        "point": [
          -18,
          65
        ]
      }
    ],
    "expectedMounted": [
      "hachiko-mounted",
      "girder-mounted",
      "pier-mounted",
      "ginza-portal-mounted",
      "ginza-roof-mounted"
    ]
  },
  "scene": {
    "triangles": 334032,
    "materials": 40,
    "batches": 50,
    "textures": 3
  }
}
