┌─────────┬───────┬────────────────────┬──────────┐
│ (index) │ id    │ ms                 │ slice    │
├─────────┼───────┼────────────────────┼──────────┤
│ 0       │ 'S2'  │ 9336.099194        │ 5713780  │
│ 1       │ 'S3'  │ 1123.7188229999992 │ 304966   │
│ 2       │ 'S4'  │ 77.96592799999962  │ 15540    │
│ 3       │ 'S5'  │ 15411.86154        │ 10648121 │
│ 4       │ 'S6'  │ 19031.875794       │ 13142763 │
│ 5       │ 'S7'  │ 6970.802617000001  │ 5656362  │
│ 6       │ 'S8'  │ 34355.28111499999  │ 24343625 │
│ 7       │ 'S9'  │ 14826.217892       │ 1364     │
│ 8       │ 'S10' │ 55848.363539       │ 34643044 │
│ 9       │ 'S11' │ 4.7852249999996275 │ 1        │
│ 10      │ 'S13' │ 9.62801600000239   │ 992      │
│ 11      │ 'S15' │ 10.22363999998197  │ 3        │
└─────────┴───────┴────────────────────┴──────────┘
┌─────────┬───────────┐
│ (index) │ Values    │
├─────────┼───────────┤
│ hypot   │ 45944733  │
│ push    │ 469369818 │
│ slice   │ 94470561  │
│ sqrt    │ 1428321   │
│ concat  │ 538       │
└─────────┴───────────┘
