┌─────────┬───────┬────────────────────┬──────────┐
│ (index) │ id    │ ms                 │ slice    │
├─────────┼───────┼────────────────────┼──────────┤
│ 0       │ 'S2'  │ 9646.122582        │ 5713780  │
│ 1       │ 'S3'  │ 1419.2715750000007 │ 304966   │
│ 2       │ 'S4'  │ 81.99036700000033  │ 15540    │
│ 3       │ 'S5'  │ 16069.911997       │ 10648121 │
│ 4       │ 'S6'  │ 19524.332689000003 │ 13142763 │
│ 5       │ 'S7'  │ 7073.992807999995  │ 5656362  │
│ 6       │ 'S8'  │ 33904.397881000004 │ 24343625 │
│ 7       │ 'S9'  │ 14443.770571999994 │ 1364     │
│ 8       │ 'S10' │ 55765.813991999996 │ 34643044 │
│ 9       │ 'S11' │ 4.343189000006532  │ 1        │
│ 10      │ 'S13' │ 8.533159000013256  │ 992      │
│ 11      │ 'S15' │ 8.773566999996547  │ 3        │
└─────────┴───────┴────────────────────┴──────────┘
┌─────────┬───────────┐
│ (index) │ Values    │
├─────────┼───────────┤
│ hypot   │ 45944733  │
│ push    │ 469369818 │
│ slice   │ 94470561  │
│ sqrt    │ 1428321   │
│ concat  │ 538       │
└─────────┴───────────┘
