✔ S10 walkable graph uses surface footways, excludes obstacles, and supports chained destinations (6.960706ms)
✔ S10 scramble has all four mapped main crossings plus diagonal in both directions (5.315889ms)
✔ S10 HIGH MEDIUM LOW density, archetypes, idle, milling and family groups (282.168936ms)
✔ S10 fixed pools and geometry identities survive profile changes and dispose twice (738.01569ms)
✔ S10 fail-closed signals, GREEN wait and late-phase admission suppression (320.761768ms)
✔ S10 crossing completes after nominal phase while cars wait then resume after clearance (450.350794ms)
✔ S10 waiting queues pack without spawning in lanes or overlap and unknown signals deny entry (303.582368ms)
✔ S10 LOD throttles far actors and debug is opt-in (330.770361ms)
✔ S10 retains S2–S9 and excludes S14+ and gameplay (1.05751ms)
✔ S10 exit reservation is a capacity constraint, distinct from an actual body overlap (333.214206ms)
✔ S13 selected wet geometry follows flat mapped surfaces, avoids markings/buildings and has no overlapping pools (12838.123213ms)
✔ S13 tier changes reuse two geometry batches; DAY and environment OFF disable effects (2.295885ms)
✔ S13 wet asphalt and vehicle emission restore exact S12 DAY values without mesh changes (4.934288ms)
✔ S13 Hero/commercial signs vary via vertex attribute; existing window/train shader hooks remain composable (2.868808ms)
✔ S13 bloom has bounded extra passes, reduced MED target, LOW/DAY bypass and restored render state/stats (2.994515ms)
✔ S13 disposal restores baseline and releases pooled resources exactly once (1.138334ms)
✔ S16 waiting strips offer finite safe cells with width and depth rather than one target (4.779884ms)
✔ S16 four crossing groups plus diagonal keep both directions and distributed safe exits (1.358773ms)
✔ S16 seeded red-phase crowd waits without body collapse or road invasion (689.876183ms)
✔ S16 selected commercial windows span floors 1–4 using existing instance/material pools (2.923299ms)
✔ S16 storefront emission is local and seeded, DAY restores the shared materials (4.616835ms)
✔ S16 CAM03 keeps human eye height and S14 caps; no later systems or copied character feature (2.671124ms)
ℹ tests 22
ℹ suites 0
ℹ pass 22
ℹ fail 0
ℹ cancelled 0
ℹ skipped 0
ℹ todo 0
ℹ duration_ms 198501.106084
