✔ S7 preserves S0-S6 inputs, generic378, hero9 and station baseline (322.744522ms)
✔ S7 Canvas paints original tiles and separate high-resolution screen (4.704905ms)
✔ S7 packed UV entries have padding and no tile overlap at all tiers (1.959922ms)
✔ S7 GPU maxTextureSize caps dimensions and invalid capability fails clearly (1.046343ms)
✔ S7 hundreds of commercial signs include all eight categories (1.483423ms)
✔ S7 region logic separates Center-gai, frontage, station and edge (0.796834ms)
✔ S7 quality reduces sign counts and atlas, preserves major Hero screens (0.9864ms)
✔ S7 deterministic generation stable per source key (16934.356682ms)
✔ S7 QFRONT reuses segmented screen with continuous atlas coverage (1.098379ms)
✔ S7 dedicated Hero treatment includes 109 crown and restrained towers (1.728403ms)
✔ S7 complete independent acceptance rerun yields no major penetration or duplicate (21236.018742ms)
✔ S7 audit catches wrong normals, displaced faces, floating signs and duplicates (61.864764ms)
✔ S7 texture/material/batch counts do not scale with signage count (1.001906ms)
✔ S7 face UV and transformed instance vertices are finite and bounded (19.59545ms)
✔ S7 debug adds one batch for anchors normals bounds rejects and region colors (41.202213ms)
✔ S7 signs lifecycle supports cancel and reload with no resource resurrection (47.512846ms)
✔ S7 emissive metadata has no global night callbacks or later-system hooks (2.25145ms)
✔ S7 dispose releases atlas exactly once and empties scene (0.509172ms)
ℹ tests 18
ℹ suites 0
ℹ pass 18
ℹ fail 0
ℹ cancelled 0
ℹ skipped 0
ℹ todo 0
ℹ duration_ms 128573.657278
