✔ S10 walkable graph uses surface footways, excludes obstacles, and supports chained destinations (3.101181ms)
✔ S10 scramble has all four mapped main crossings plus diagonal in both directions (0.597278ms)
✔ S10 HIGH MEDIUM LOW density, archetypes, idle, milling and family groups (86.184606ms)
✔ S10 fixed pools and geometry identities survive profile changes and dispose twice (251.124492ms)
✔ S10 fail-closed signals, GREEN wait and late-phase admission suppression (125.271008ms)
✔ S10 crossing completes after nominal phase while cars wait then resume after clearance (146.297258ms)
✔ S10 waiting queues pack without spawning in lanes or overlap and unknown signals deny entry (122.823509ms)
✔ S10 LOD throttles far actors and debug is opt-in (135.027591ms)
✔ S10 integrated three-minute HIGH crowd and vehicle audit (16323.318322ms)
✔ S10 retains S2–S9 and excludes S14+ and gameplay (1.07139ms)
✔ S10 exit reservation is a capacity constraint, distinct from an actual body overlap (123.386466ms)
✔ S12 one TimeState controls sky exposure sun/moon ambient and restores DAY (4.520844ms)
✔ S12 existing signage and vehicle lamp materials respond without adding meshes (3.273559ms)
✔ S12 windows use deterministic partial occupancy and toggle only a shared uniform (0.85184ms)
✔ S12 late module loads inherit NIGHT; removal and environment toggles restore owned state (0.864549ms)
✔ S12 train window and end lamps preserve clipping geometry counts and movement (120.141363ms)
✔ S12 profiles retain crowd train and traffic source ownership; no S14 postprocess or GTA (1.548627ms)
ℹ tests 17
ℹ suites 0
ℹ pass 17
ℹ fail 0
ℹ cancelled 0
ℹ skipped 0
ℹ todo 0
ℹ duration_ms 97881.422167
