✔ renders development preview metadata (123.883398ms)
✔ query defaults and invalid options (0.974996ms)
✔ only intersect skip and empty only (0.86442ms)
✔ module toggle builds once and disposes across rebuilds (0.300146ms)
✔ failed builder is isolated (0.247833ms)
✔ update error isolates module (0.236956ms)
✔ time state round trip and unsubscribe (0.197808ms)
✔ fixed cameras unique finite and distinct targets (0.32593ms)
✔ tier resolution monotonically decreases (0.154623ms)
✔ real snapshot categories IDs and bounds (11.585005ms)
✔ hero IDs resolved and cardinal geography consistent (0.176786ms)
✔ all 666 polygons triangulate with matching area and finite extrusion (41.199821ms)
✔ lines retain metadata and clipped extent (1.981129ms)
✔ join reversed relation ways and preserve hole (1.273344ms)
✔ incomplete way reported rather than invented (0.214012ms)
✔ metric tags unknown and feet (0.59267ms)
✔ loader HTTP/schema failure and abort forwarding (2.659727ms)
✔ reject malformed coordinates and duplicate ID (40.413979ms)
✔ debug contains four LineSegments only and disposes (3.428403ms)
✔ station/entrance tags exclude similarly named bus stop (0.302524ms)
✔ coordinate origin, east/north signs and round trip (1.940367ms)
✔ polyline 3-4-5 length and sampling (0.357126ms)
✔ duplicate and degenerate lines (0.163756ms)
✔ resampling exact spacing and endpoint (0.285069ms)
✔ offset left/right and bounded sharp corner (0.272049ms)
✔ offset right angle intersection (0.135243ms)
✔ extend endpoints (0.216406ms)
✔ clipping and disconnected reentry (1.997974ms)
✔ polygon boundary and holes (0.454213ms)
✔ triangulation concavity and holes preserve analytical area (2.028309ms)
✔ polygon faces point upward (0.956408ms)
✔ extrusion positive Y height and correct XZ footprint (3.098137ms)
✔ ribbon width and upward normals (0.27309ms)
✔ merge mixed indexes preserves count and source (1.54387ms)
✔ transform keeps source unchanged (0.381623ms)
✔ seeded RNG repeatability and bounds (0.706472ms)
✔ InstancedBuilder transforms, capacity and ownership (1.797462ms)
✔ spatial index matches brute force for negative cells (1.291982ms)
✔ S11 uses three existing rail routes, both styles and opposite JR directions (1.47698ms)
✔ S11 finite poses follow the source rail centerline at the existing rail elevation (4.9523ms)
✔ S11 profile bounds, fixed resources, local clipping, debug and dispose (25.808575ms)
✔ S11 swept car envelopes avoid existing station, buildings and ground (22489.953293ms)
✔ S11 integration preserves crowd traffic profiles and keeps S14+ and gameplay absent (6.736637ms)
✔ S13 selected wet geometry follows flat mapped surfaces, avoids markings/buildings and has no overlapping pools (5436.772159ms)
✔ S13 tier changes reuse two geometry batches; DAY and environment OFF disable effects (0.806733ms)
✔ S13 wet asphalt and vehicle emission restore exact S12 DAY values without mesh changes (1.813856ms)
✔ S13 Hero/commercial signs vary via vertex attribute; existing window/train shader hooks remain composable (1.211191ms)
✔ S13 bloom has bounded extra passes, reduced MED target, LOW/DAY bypass and restored render state/stats (5.671866ms)
✔ S13 disposal restores baseline and releases pooled resources exactly once (0.503457ms)
✔ S14 valid quality and bounded DPR retain a MEDIUM default at high device DPR (1.592174ms)
✔ S14 frame gate skips rendering and update work while preserving elapsed simulation time (0.315183ms)
✔ S14 build queue yields one job at a time and cancels pending work on disposal (0.260251ms)
✔ S14 deferred quality changes coalesce rapid input before rebuilding decorative modules (0.423347ms)
✔ S14 scheduled module cannot resurrect after disable or disposal (0.435335ms)
✔ S14 baked wet data matches source and day/night/postprocess switches preserve pooled objects (20.199995ms)
✔ S14 existing dynamic profile counts and far throttling retained; no later effects/gameplay (0.78514ms)
✔ S15 transforms finite and cranes/props stay on the four reserved rooftop hosts (4.975399ms)
✔ S15 HIGH/MEDIUM/LOW reuse resources with bounded crane/zone counts (1.791703ms)
✔ S15 roof-contained placement has zero road/crosswalk/rail/Hero/station interference (19258.939127ms)
✔ S15 warning emission changes only with shared DAY/NIGHT state; no lights/textures/animation (0.363146ms)
✔ S15 preserves quality and scene integration without later systems or gameplay (0.404147ms)
✔ S15 dispose is idempotent and releases pooled resources/subscription once (0.413762ms)
✔ S2 explicit width overrides lanes and class including units (0.993594ms)
✔ S2 lanes fallback and invalid width (0.112118ms)
✔ S2 highway defaults and links (0.129675ms)
✔ S2 safe buffers duplicate zero short acute and self crossing (2.795693ms)
✔ S2 road union merges overlap with expected area (0.519301ms)
✔ S2 sidewalk difference is nonempty and disjoint (21.349333ms)
✔ S2 layer bridge and tunnel excluded from surface (0.396046ms)
✔ S2 unmarked informal and prohibited crossings excluded (0.231558ms)
✔ S2 real road network covers scramble with stable S1 references (0.378049ms)
✔ S2 curbs and ramps generated and ramp height continuous (2.194228ms)
✔ S2 zebra pitch thickness and transverse width (0.795967ms)
✔ S2 every zebra clipped inside road union (4905.760508ms)
✔ S2 four main crossings dedicated diagonal and normal crossings (0.239179ms)
✔ S2 stop lines lane guides arrows and tactile generated (193.633293ms)
✔ S2 merged geometry finite valid indices nondegenerate bounded (73.532685ms)
✔ S2 procedural textures deterministic (5.418966ms)
✔ S2 module toggle lifecycle removes ground and later stages remain stubs (0.629597ms)
✔ S3 footprint validation preserves concavity holes and duplicate tolerance (1.885124ms)
✔ S3 malformed zero area and self crossing footprints safely rejected (0.315324ms)
✔ S3 holes must be inside and nonintersecting (0.343567ms)
✔ S3 explicit metric height priority over levels (0.202835ms)
✔ S3 levels fallback and nonpositive heights (0.232489ms)
✔ S3 unknown heights stable within budget and abnormal values clamped (1.429879ms)
✔ S3 all hero and station sources reserved before height resolution (1.373304ms)
✔ S3 generic geometry cannot cover reserved hero footprints (59.86523ms)
✔ S3 all seven archetype rules grounded in feature inputs (0.509125ms)
✔ S3 archetypes and heights deterministic and all types occur in real data (817.502322ms)
✔ S3 all source records accounted and target clip bounded (0.865541ms)
✔ S3 merged walls and roof finite indexed safely without degenerate triangles (0.205459ms)
✔ S3 windows shared geometry instanced shadowless with color variation (0.236275ms)
✔ S3 window anchors offset outward and do not exceed source edge (7.120624ms)
✔ S3 rooftop containment checks entire prop not only its center (7.262758ms)
✔ S3 balcony and rooftop details use shared instanced batches (0.382855ms)
✔ S3 material and draw budgets independent of hundreds of buildings (0.108573ms)
✔ S3 transformed instance vertices finite and world bounds reasonable (38.336578ms)
✔ S3 Ground compatible unchanged counts with crossing/road audit (11593.51247ms)
✔ S3 Buildings lifecycle toggles actual geometry and no later builds (2365.035567ms)
✔ S3 stale async load cannot resurrect disabled Buildings (9.041562ms)
✔ S3 disposal releases owned geometry and shared instance prototypes once (0.591039ms)
✔ S4 audits every S3 reserved ID into nine targets and five untouched station sources (870.836714ms)
✔ S4 unknown explicit reservation stays untouched (37.39955ms)
✔ S4 every required dedicated builder exists and generates its mapped source (0.477729ms)
✔ S4 QFRONT and 109 base footprints equal clipped OSM sources (1.185812ms)
✔ S4 all upper masses constrained to source footprint and valid heights (4.394636ms)
✔ S4 generic and hero IDs never double generate; S3 accepted counts preserved (1015.718275ms)
✔ S4 all station reservations stay unbuilt including central paid area (0.467473ms)
✔ S4 QFRONT primary facade faces scramble and segmented large screen follows actual edges (0.19325ms)
✔ S4 screen anchors offset from facade to avoid coplanar wall overlap (0.251838ms)
✔ S4 109 has rounded 24-segment constrained tower and separate crown (0.326481ms)
✔ S4 tower podium and setbacks differ between Scramble Square and Stream (0.364838ms)
✔ S4 Seibu A and B remain separate and Mark City is an oriented compound pair (0.26624ms)
✔ S4 shared material batches and window/detail instancing bounded (0.183306ms)
✔ S4 geometry finite and degenerate/index checks clean (0.214924ms)
✔ S4 all transformed instance vertices finite and within bounded world extent (13.343878ms)
✔ S4 anchor metadata has reversible local-world coordinates and no active emissive system (0.537879ms)
✔ S4 output deterministic and source coordinates unchanged (103.082106ms)
✔ S4 Ground integration has zero major road/crossing intrusion and S2 counts unchanged (9388.23049ms)
✔ S4 Hero module toggle uses existing lifecycle without building later modules (133.54791ms)
✔ S4 disposal releases shared resources exactly once (0.398089ms)
✔ S5 rail audit classifies all 96 without unrelated underground/Keio guesses (1.456739ms)
✔ S5 invalid and zero-length lines are reason-coded and safe (0.428083ms)
✔ S5 four JR tracks stitched, eight source-backed alignments clipped to target (1.471823ms)
✔ S5 duplicate/reversed segments deduplicated, gap is never bridged (0.282505ms)
✔ S5 JR deck width follows all four tracks with elevated continuous girders/parapets (0.520061ms)
✔ S5 piers/supports block no Ground road, crossing stripe or existing building (1939.411804ms)
✔ S5 Ginza supports do not pass through JR track clearances or pedestrian decks (0.553873ms)
✔ S5 rails retain configured gauges and vertical sleeper/slab separation (0.521494ms)
✔ S5 sleepers use distance spacing/tangent with no mesh-per-sleeper (14.257923ms)
✔ S5 three platform islands have actual track clearance and roof/posts (1.161285ms)
✔ S5 tactile/white edges are shared geometry channels (0.190076ms)
✔ S5 Hachiko uses dedicated reserved footprint, landmark and real open entrance (0.363256ms)
✔ S5 Ginza has independent deck/platform and M canopy with basic portal/ribs/glass (0.516507ms)
✔ S5 pedestrian deck mapping, stairs, handrails and all endpoint dispositions recorded (1.178271ms)
✔ S5 two reservations used, three untouched; no Generic/Hero ownership changes (19.388165ms)
✔ S5 all static and transformed instance geometry is finite and bounded (9.08746ms)
✔ S5 material/triangle bounds, no texture/active lights/later detail systems (1.441096ms)
✔ S5 deterministic generation and no mutation of earlier stages (7458.320166ms)
✔ S5 station toggle supports dispose/rebuild through existing lifecycle (7.64346ms)
✔ S5 disposal is idempotent and empties its owned scene (0.278098ms)
✔ S6 S5 baseline major0 minor11 remains unchanged (30.797606ms)
✔ S6 platforms have benches, vending, boards, lights and cabinets (0.282384ms)
✔ S6 passenger fixture footprints remain inside platforms and off tactile (23.795211ms)
✔ S6 Canvas draws 16 original station tiles using one texture (1.135537ms)
✔ S6 all sign/vending/menu faces reference one shared atlas with bounded UV (0.424889ms)
✔ S6 catenary follows S5 JR alignment and bounded source station spacing (0.542266ms)
✔ S6 wires/droppers finite and no giant segment or ground drop (1.348307ms)
✔ S6 wires have no platform/Ginza roof or existing building intersections (2.438296ms)
✔ S6 rail signals face incoming mapped travel direction (0.276927ms)
✔ S6 Ginza retains third-rail distinction and receives metro/roof/glass details (0.480883ms)
✔ S6 selected girder stiffeners, cable tray, guard stripes are batched (0.478209ms)
✔ S6 station rotary/plaza has bus/taxi shelters, mapped koban and info (102.838163ms)
✔ S6 complete placed-fixture audit preserves major0 and separates new sidewalk minor (1279.879659ms)
✔ S6 eight source-bounded storefronts with four original archetypes (145.116133ms)
✔ S6 shop details reuse lantern geometry and atlas; no point lights (0.60519ms)
✔ S6 all geometry and transformed vertices finite and bounded (4.471272ms)
✔ S6 high/low densities adjust repeated detail without changing core (7885.679213ms)
✔ S6 deterministic output and seeded storefront variation (3816.934233ms)
✔ S6 module dispose/reload isolated; fixed camera and S7 stubs unchanged (10.354365ms)
✔ S6 no gameplay, dynamic traffic/trains, citywide transitions or texture proliferation (0.613182ms)
✔ S6 dispose releases all resources once (0.263016ms)
✔ S7 preserves S0-S6 inputs, generic378, hero9 and station baseline (58.517365ms)
✔ S7 Canvas paints original tiles and separate high-resolution screen (1.521978ms)
✔ S7 packed UV entries have padding and no tile overlap at all tiers (0.503567ms)
✔ S7 GPU maxTextureSize caps dimensions and invalid capability fails clearly (0.427162ms)
✔ S7 hundreds of commercial signs include all eight categories (1.018611ms)
✔ S7 region logic separates Center-gai, frontage, station and edge (0.257798ms)
✔ S7 quality reduces sign counts and atlas, preserves major Hero screens (0.407853ms)
✔ S7 deterministic generation stable per source key (9049.453766ms)
✔ S7 QFRONT reuses segmented screen with continuous atlas coverage (0.538119ms)
✔ S7 dedicated Hero treatment includes 109 crown and restrained towers (0.564028ms)
✔ S7 complete independent acceptance rerun yields no major penetration or duplicate (10968.824221ms)
✔ S7 audit catches wrong normals, displaced faces, floating signs and duplicates (26.142152ms)
✔ S7 texture/material/batch counts do not scale with signage count (0.320061ms)
✔ S7 face UV and transformed instance vertices are finite and bounded (4.300936ms)
✔ S7 debug adds one batch for anchors normals bounds rejects and region colors (10.054205ms)
✔ S7 signs lifecycle supports cancel and reload with no resource resurrection (15.256757ms)
✔ S7 emissive metadata has no global night callbacks or later-system hooks (0.867975ms)
✔ S7 dispose releases atlas exactly once and empties scene (0.232379ms)
✔ S8 HIGH generates light (1.041686ms)
✔ S8 HIGH generates signal (0.096015ms)
✔ S8 HIGH generates rail (0.065689ms)
✔ S8 HIGH generates bollard (0.097857ms)
✔ S8 HIGH generates pole (0.176765ms)
✔ S8 HIGH generates vending (0.073721ms)
✔ S8 HIGH generates box (0.071948ms)
✔ S8 HIGH generates tree (0.056024ms)
✔ S8 HIGH generates planter (0.132169ms)
✔ S8 HIGH generates bench (0.287793ms)
✔ S8 HIGH generates information (0.174322ms)
✔ S8 HIGH generates bin (0.080861ms)
✔ S8 density scales by profile and peripheral region (0.182845ms)
✔ S8 all tiers have zero audited major/minor placement interference (1.015526ms)
✔ S8 station scope remains exclusively owned by S6 (0.380713ms)
✔ S8 deterministic anchors and category identities survive tier reduction (2.058355ms)
✔ S8 signals retain mapped source, direction and inert state hook (0.249855ms)
✔ S8 OSM trees have bounded adjustment and procedural supplement (0.433212ms)
✔ S8 audit rejects floating and duplicate fixtures (10641.653594ms)
✔ S8 audit rejects invalid transforms and reversed signal heads (27.775682ms)
✔ S8 wires have finite sagged pole endpoints and bounded segments (221.806626ms)
✔ S8 meshes use bounded shared batches and no runtime lights (0.447903ms)
✔ S8 rendered components fit audited envelopes (1.330921ms)
✔ S8 atlas uses original shared canvas content and padded UVs (0.828946ms)
✔ S8 debug is optional and shows anchors / categories / clearances (5.875422ms)
✔ S8 preserves earlier runtime systems and introduces no later builders (0.983869ms)
✔ S8 records reproducible tier statistics and placement evidence (12.714473ms)
✔ S9 OSM graph preserves direction, road metadata and left lanes (1.258481ms)
✔ S9 chained routes exclude immediate U-turn and have continuous endpoints (1.652614ms)
✔ S9 all seven procedural vehicle types and bus eligibility (4.59707ms)
✔ S9 parked vehicles avoid major roads and crossing entrances (0.24624ms)
✔ S9 profiles scale pooled states without renderer geometry allocation (105.950735ms)
✔ S9 seeded spawn is reproducible and has no initial overlaps (115.058676ms)
✔ S9 signal and future pedestrian APIs fail closed and reserve scramble phase (0.366511ms)
✔ S9 YELLOW/RED stop front bumper before line and GREEN resumes (111.783753ms)
✔ S9 future-path following stops behind stationary leader (112.382903ms)
✔ S9 dynamic instancing remains bounded and light surfaces add no lights (256.532758ms)
✔ S9 preserves previous systems and keeps S14+ absent (0.37906ms)
✔ S9 blocked junction reserves exit space before entering (107.348194ms)
✔ S9 TTL and explicit despawn release pooled state and reservations (93.585617ms)
✔ S9 baseline assets remain intact (0.124237ms)
9:47:21 PM [vite] (client) Re-optimizing dependencies because vite config has changed
✔ emits the catalog's animation and scrolling utilities (30.205574ms)
✔ forwards progress semantics to the primitive (449.343384ms)
✔ emits chart themes for the starter's media dark mode (474.115787ms)
✔ renders sidebar skeletons deterministically (356.460003ms)
ℹ tests 225
ℹ suites 0
ℹ pass 225
ℹ fail 0
ℹ cancelled 0
ℹ skipped 0
ℹ todo 0
ℹ duration_ms 243596.348081
