S2 complete
S3 complete
S4 complete
S5 complete
S6 complete
S7 complete
S8 complete
S9 complete
S10 complete
S11 complete
S13 complete
S15 complete
┌─────────┬───────┬────────────────────┬───────┬────────────────────┬────────────────────┐
│ (index) │ id    │ ms                 │ calls │ booleanMs          │ booleanPercent     │
├─────────┼───────┼────────────────────┼───────┼────────────────────┼────────────────────┤
│ 0       │ 'S2'  │ 8134.165145        │ 3289  │ 7484.117278000009  │ 92.00842550634013  │
│ 1       │ 'S3'  │ 1511.9316870000002 │ 1860  │ 299.5196939999896  │ 19.81039861624314  │
│ 2       │ 'S4'  │ 81.40346499999941  │ 207   │ 15.417021000002933 │ 18.939023050189626 │
│ 3       │ 'S5'  │ 15048.02786        │ 7253  │ 13707.844887       │ 91.09396270748265  │
│ 4       │ 'S6'  │ 17855.913201       │ 33553 │ 16634.427933000556 │ 93.15921143741315  │
│ 5       │ 'S7'  │ 6927.525655000005  │ 2998  │ 6700.291459000429  │ 96.71983609565463  │
│ 6       │ 'S8'  │ 30773.035547000007 │ 17598 │ 28461.406956998944 │ 92.48813596412845  │
│ 7       │ 'S9'  │ 17389.550107000003 │ 0     │ 0                  │ 0                  │
│ 8       │ 'S10' │ 52619.48846200001  │ 89361 │ 41268.0320080004   │ 78.42727706827246  │
│ 9       │ 'S11' │ 4.424314999982016  │ 0     │ 0                  │ 0                  │
│ 10      │ 'S13' │ 6.708841999992728  │ 0     │ 0                  │ 0                  │
│ 11      │ 'S15' │ 11.347594999999274 │ 0     │ 0                  │ 0                  │
└─────────┴───────┴────────────────────┴───────┴────────────────────┴────────────────────┘
┌──────────────┬────────┬───────────────┬─────────────────┬────────────────────┬────────────────────┬──────────┐
│ (index)      │ calls  │ verticesTotal │ verticesPerCall │ ms                 │ countingMs         │ failures │
├──────────────┼────────┼───────────────┼─────────────────┼────────────────────┼────────────────────┼──────────┤
│ union        │ 6117   │ 591769        │ [Object]        │ 2495.288997999496  │ 23.382198000093553 │ 0        │
│ difference   │ 165    │ 91244         │ [Object]        │ 300.1103670000126  │ 2.480143999983966  │ 0        │
│ intersection │ 149837 │ 57181888      │ [Object]        │ 111775.65787200083 │ 1713.1180700027746 │ 0        │
│ xor          │ 0      │ 0             │ [Object]        │ 0                  │ 0                  │ 0        │
└──────────────┴────────┴───────────────┴─────────────────┴────────────────────┴────────────────────┴──────────┘
